2025-07-12 07:54:28.398  4099-4234  okhttp.OkHttpClient     com.watch.limusic                    I  nres":[],"replayGain":{"trackPeak":1,"albumPeak":1},"channelCount":2,"samplingRate":48000,"bitDepth":0,"moods":[],"artists":[{"id":"0YlV6Zid5unWzoQolIOy3T","name":"兰音Reine"}],"displayArtist":"兰音Reine","albumArtists":[{"id":"0YlV6Zid5unWzoQolIOy3T","name":"兰音Reine"}],"displayAlbumArtist":"兰音Reine","contributors":[],"displayComposer":"","explicitStatus":""},{"id":"dRVuvGCqHMR2xR0gmv6njx","parent":"3uBsYF04p2SptglZDy7XdM","isDir":false,"title":"四季予你","album":"泠鸢直播歌曲精修集","artist":"泠鸢yousa","track":1,"year":2020,"coverArt":"mf-dRVuvGCqHMR2xR0gmv6njx_68440c51","size":10396351,"contentType":"audio/mpeg","suffix":"mp3","duration":255,"bitRate":320,"path":"泠鸢yousa/泠鸢直播歌曲精修集/01 - 四季予你.mp3","created":"2025-06-07T09:54:36.718057277Z","albumId":"3uBsYF04p2SptglZDy7XdM","artistId":"6btbniWVwxxOeCJDu6a56v","type":"music","isVideo":false,"bpm":0,"comment":"","sortName":"四季予你","mediaType":"song","musicBrainzId":"","isrc":[],"genres":[],"replayGain":{"trackPeak":1,"albumPeak":1},"channelCount":2,"samplingRate":44100,"bitDepth":0,"moods":[],"artists":[{"id":"6btbniWVwxxOeCJDu6a56v","name":"泠鸢yousa"}],"displayArtist":"泠鸢yousa","albumArtists":[{"id":"6btbniWVwxxOeCJDu6a56v","name":"泠鸢yousa"}],"displayAlbumArtist":"泠鸢yousa","contributors":[],"displayComposer":"","explicitStatus":""},{"id":"fZY6EVWz967c6QzL2LxIpB","parent":"3Hj6igvnxDnMHbw0iLwK4t","isDir":false,"title":"你别忘","album":"自下而向上生","artist":"泠鸢yousa","track":7,"year":2024,"coverArt":"mf-fZY6EVWz967c6QzL2LxIpB_6847f526","size":11405895,"contentType":"audio/mpeg","suffix":"mp3","duration":277,"bitRate":320,"path":"泠鸢yousa/自下而向上生/07 - 你别忘.mp3","created":"2025-06-10T09:07:46.67480604Z","albumId":"3Hj6igvnxDnMHbw0iLwK4t","artistId":"6btbniWVwxxOeCJDu6a56v","type":"music","isVideo":false,"bpm":0,"comment":"","sortName":"你别忘","mediaType":"song","musicBrainzId":"","isrc":[],"genres":[],"replayGain":{"trackPeak":1,"albumPeak":1},"channelCount":2,"samplingRate":44100,"bitDepth":0,"moods":[],"artists":[{"id":"6btbniWVwxxOeCJDu6a56v","name":"泠鸢yousa"}],"displayArtist":"泠鸢yousa","albumArtists":[{"id":"6btbniWVwxxOeCJDu6a56v","name":"泠鸢yousa"}],"displayAlbumArtist":"泠鸢yousa","contributors":[],"displayComposer":"","explicitStatus":""},{"id":"ux3uDvQYeET0BMIsrLpBlG","parent":"4xhiBsdgOVSJrOPaukAZeI","isDir":false,"title":"踏浪","album":"[Unknown Album]","artist":"果宝official","coverArt":"al-4xhiBsdgOVSJrOPaukAZeI_0","size":6788830,"contentType":"audio/mpeg","suffix":"mp3","duration":169,"bitRate":320,"path":"果宝official/[Unknown Album]/踏浪.mp3","playCount":1,"created":"2025-06-08T04:05:18.987569702Z","albumId":"4xhiBsdgOVSJrOPaukAZeI","artistId":"4bkQf82iCNCf8FlKUo3MQ2","type":"music","isVideo":false,"played":"2025-06-28T10:17:31.837Z","bpm":0,"comment":"omment","sortName":"踏浪","mediaType":"song","musicBrainzId":"","isrc":[],"genres":[],"replayGain":{"trackPeak":1,"albumPeak":1},"channelCount":2,"samplingRate":44100,"bitDepth":0,"moods":[],"artists":[{"id":"4bkQf82iCNCf8FlKUo3MQ2","name":"果宝official"}],"displayArtist":"果宝official","albumArtists":[{"id":"4bkQf82iCNCf8FlKUo3MQ2","name":"果宝official"}],"displayAlbumArtist":"果宝official","contributors":[],"displayComposer":"","explicitStatus":""}]}}}
2025-07-12 07:54:28.398  4099-4234  okhttp.OkHttpClient     com.watch.limusic                    I  <-- END HTTP (42244-byte body)
2025-07-12 07:54:28.431  4099-4234  MainActivity            com.watch.limusic                    D  成功保存 41 首歌曲到数据库
2025-07-12 07:54:28.511  4099-4099  MainActivity            com.watch.limusic                    D  显示所有歌曲: 41 首
2025-07-12 07:54:28.518  4099-4105  zygote                  com.watch.limusic                    I  Do partial code cache collection, code=118KB, data=95KB
2025-07-12 07:54:28.519  4099-4105  zygote                  com.watch.limusic                    I  After code cache collection, code=118KB, data=95KB
2025-07-12 07:54:28.519  4099-4105  zygote                  com.watch.limusic                    I  Increasing code cache capacity to 512KB
2025-07-12 07:54:28.986  4099-4111  zygote                  com.watch.limusic                    I  Background concurrent copying GC freed 52071(1507KB) AllocSpace objects, 0(0B) LOS objects, 44% free, 7MB/13MB, paused 103us total 101.947ms
2025-07-12 07:54:29.372  4099-4111  zygote                  com.watch.limusic                    I  Background concurrent copying GC freed 163761(3MB) AllocSpace objects, 1(20KB) LOS objects, 30% free, 13MB/19MB, paused 111us total 131.466ms
2025-07-12 07:54:31.209  4099-4205  MusicRepository         com.watch.limusic                    D  成功保存 41 首歌曲到数据库
2025-07-12 07:54:31.242  4099-4099  StaticLayout            com.watch.limusic                    W  maxLineHeight should not be -1.  maxLines:1 lineCount:1
2025-07-12 07:54:31.284  4099-4099  LocalFileDetector       com.watch.limusic                    D  歌曲已下载: cLSTnHDN8aYAmUpjpwJSSA (文件大小: 9505248 bytes)
2025-07-12 07:54:31.286  4099-4099  LocalFileDetector       com.watch.limusic                    D  歌曲已下载: cLSTnHDN8aYAmUpjpwJSSA (文件大小: 9505248 bytes)
2025-07-12 07:54:35.859  4099-4099  PlayerService           com.watch.limusic                    D  准备设置播放列表: 41 首歌曲, 请求索引: 1, 当前播放模式: 列表循环
2025-07-12 07:54:35.861  4099-4099  PlayerService           com.watch.limusic                    D  设置当前索引为: 1, 歌曲: 爱在西元前
2025-07-12 07:54:35.865  4099-4099  PlayerService           com.watch.limusic                    D  使用流媒体播放: è¥æä½  (åç) -> http://101.42.18.46:4533/rest/stream?u=xiong071411&t=d129c4ab4c2c381078154993a6d8d4a3&s=247668171&v=1.16.1&c=LiMusic&id=Qy79fzOQKZJXpzZZFja09j
2025-07-12 07:54:35.871  4099-4099  LocalFileDetector       com.watch.limusic                    D  歌曲已下载: cLSTnHDN8aYAmUpjpwJSSA (文件大小: 9505248 bytes)
2025-07-12 07:54:35.871  4099-4099  PlayerService           com.watch.limusic                    D  使用下载文件播放: 爱在西元前 -> /storage/emulated/0/Android/data/com.watch.limusic/files/downloads/songs/cLSTnHDN8aYAmUpjpwJSSA.mp3
2025-07-12 07:54:35.876  4099-4099  PlayerService           com.watch.limusic                    D  使用流媒体播放: 八辈子-洛天依 -> http://101.42.18.46:4533/rest/stream?u=xiong071411&t=282d74c9a66666f9985f7bf91d0ef45e&s=738273375&v=1.16.1&c=LiMusic&id=l2YA2mSWNORBbr3ODkgal0
2025-07-12 07:54:35.881  4099-4099  PlayerService           com.watch.limusic                    D  使用流媒体播放: 壁上观 -> http://101.42.18.46:4533/rest/stream?u=xiong071411&t=bf77a379b6293e03c60bce65fe0910ad&s=404765594&v=1.16.1&c=LiMusic&id=EpWqJO3SWU189ET8eJeTXC
2025-07-12 07:54:35.885  4099-4099  PlayerService           com.watch.limusic                    D  使用流媒体播放: 大海带不走 -> http://101.42.18.46:4533/rest/stream?u=xiong071411&t=387554bea18fcc5cadbfc40b4c63f34c&s=430217811&v=1.16.1&c=LiMusic&id=nxQxFVIPrUDBQCkyn98odk
2025-07-12 07:54:35.890  4099-4099  PlayerService           com.watch.limusic                    D  使用流媒体播放: 待我回返 -> http://101.42.18.46:4533/rest/stream?u=xiong071411&t=c8acf4d21374ce2ecad8b69cd4d05103&s=755250733&v=1.16.1&c=LiMusic&id=Rh6cWx7MnNTF9uX3JWa98H
2025-07-12 07:54:35.893  4099-4099  PlayerService           com.watch.limusic                    D  使用流媒体播放: 反转童话 -> http://101.42.18.46:4533/rest/stream?u=xiong071411&t=405118f29838c2536f007eca877f8299&s=700664211&v=1.16.1&c=LiMusic&id=P41nlAvH3spBUJAUao1E99
2025-07-12 07:54:35.897  4099-4099  PlayerService           com.watch.limusic                    D  使用流媒体播放: 发如雪 -> http://101.42.18.46:4533/rest/stream?u=xiong071411&t=2bc5b099c7bfaa1d52192401a9ffb475&s=483398314&v=1.16.1&c=LiMusic&id=CAQiSaCnlYdH5YdrNuJMzU
2025-07-12 07:54:35.901  4099-4099  PlayerService           com.watch.limusic                    D  使用流媒体播放: 枫 -> http://101.42.18.46:4533/rest/stream?u=xiong071411&t=ff837f5858dc3d4b557dd136258b39ab&s=649512224&v=1.16.1&c=LiMusic&id=UZRflJ2dV8EkifEKbJo6p1
2025-07-12 07:54:35.905  4099-4099  PlayerService           com.watch.limusic                    D  使用流媒体播放: 刚好遇见你 -> http://101.42.18.46:4533/rest/stream?u=xiong071411&t=9a0222b942a0d08d6b9efb092ff2bef2&s=563130881&v=1.16.1&c=LiMusic&id=mNuTTU0EyZNDM4NKY1udbv
2025-07-12 07:54:35.909  4099-4099  PlayerService           com.watch.limusic                    D  使用流媒体播放: 九州同 -> http://101.42.18.46:4533/rest/stream?u=xiong071411&t=b3d3b65e1f432883b2f689e54e0727b4&s=505683634&v=1.16.1&c=LiMusic&id=QWbvD8ZHLWkgl7vwARgQXK
2025-07-12 07:54:35.912  4099-4099  PlayerService           com.watch.limusic                    D  使用流媒体播放: 几分造作 -> http://101.42.18.46:4533/rest/stream?u=xiong071411&t=fa6ab7fd7954b360db03ac4fc40de294&s=107841113&v=1.16.1&c=LiMusic&id=dqXNEG1AO7JTjUOzTN1tFq
2025-07-12 07:54:35.916  4099-4099  PlayerService           com.watch.limusic                    D  使用流媒体播放: 就是个屁 -> http://101.42.18.46:4533/rest/stream?u=xiong071411&t=4a048c2dbf05d1e97bd7959cccef5ee0&s=839380659&v=1.16.1&c=LiMusic&id=ZaURaSD8evqgVFShCV76GH
2025-07-12 07:54:35.920  4099-4099  PlayerService           com.watch.limusic                    D  使用流媒体播放: 浪子闲话 -> http://101.42.18.46:4533/rest/stream?u=xiong071411&t=ede8391721eac7afd383e727b61729b0&s=944814644&v=1.16.1&c=LiMusic&id=ao2TG1VtNqVH5AXtEqQqzT
2025-07-12 07:54:35.923  4099-4099  PlayerService           com.watch.limusic                    D  使用流媒体播放: 莉莉安 -> http://101.42.18.46:4533/rest/stream?u=xiong071411&t=712a61fc3b0695dfeb605c6a729d3493&s=783179221&v=1.16.1&c=LiMusic&id=r2t3tynGR3lCN3mlklX49x
2025-07-12 07:54:35.926  4099-4099  PlayerService           com.watch.limusic                    D  使用流媒体播放: 你别忘 -> http://101.42.18.46:4533/rest/stream?u=xiong071411&t=e596924ba97498292061008a4106929c&s=526508552&v=1.16.1&c=LiMusic&id=fZY6EVWz967c6QzL2LxIpB
2025-07-12 07:54:35.929  4099-4099  PlayerService           com.watch.limusic                    D  使用流媒体播放: 你的猫咪 -> http://101.42.18.46:4533/rest/stream?u=xiong071411&t=97f9ea766730c7b0b3064f0e421c276a&s=440384071&v=1.16.1&c=LiMusic&id=kktHlAeuHXqjV9PwIcQ8Hc
2025-07-12 07:54:35.933  4099-4099  PlayerService           com.watch.limusic                    D  使用流媒体播放: REC2506102天下方换座 -> http://101.42.18.46:4533/rest/stream?u=xiong071411&t=9770bc8370b9b12a155e443c2abfbc40&s=945537380&v=1.16.1&c=LiMusic&id=v4apNssz2IF2oDz0fHNAKi
2025-07-12 07:54:35.936  4099-4099  PlayerService           com.watch.limusic                    D  使用流媒体播放: 若把你 (原版) -> http://101.42.18.46:4533/rest/stream?u=xiong071411&t=5ea03ac85c5dd188305fc3fb74c8aaae&s=232652000&v=1.16.1&c=LiMusic&id=CXBLUKQ9TzGg7mBLwjB3P7
2025-07-12 07:54:35.940  4099-4099  PlayerService           com.watch.limusic                    D  使用流媒体播放: 四季予你 -> http://101.42.18.46:4533/rest/stream?u=xiong071411&t=cca60490456ff32ebbdb8936b3093c84&s=335989238&v=1.16.1&c=LiMusic&id=dRVuvGCqHMR2xR0gmv6njx
2025-07-12 07:54:35.943  4099-4099  PlayerService           com.watch.limusic                    D  使用流媒体播放: 身骑白马 -> http://101.42.18.46:4533/rest/stream?u=xiong071411&t=c3f0b05a5ca0162e23fff7c64f49e5a0&s=806691851&v=1.16.1&c=LiMusic&id=7pzNZk2hSFmga6ks4tSdgE
2025-07-12 07:54:35.946  4099-4099  PlayerService           com.watch.limusic                    D  使用流媒体播放: 食通万物 修心修身 -> http://101.42.18.46:4533/rest/stream?u=xiong071411&t=23b8113f926179ccd7c51e3976d17a81&s=608352570&v=1.16.1&c=LiMusic&id=LsYgSPN2nb1QfxEphd5RUf
2025-07-12 07:54:35.949  4099-4099  PlayerService           com.watch.limusic                    D  使用流媒体播放: 同舟 -> http://101.42.18.46:4533/rest/stream?u=xiong071411&t=7a9c960ec4392b3ef22fa9435026be96&s=421655388&v=1.16.1&c=LiMusic&id=b8N5DLbZPSal2TKx12ogVN
2025-07-12 07:54:35.953  4099-4099  PlayerService           com.watch.limusic                    D  使用流媒体播放: 踏浪 -> http://101.42.18.46:4533/rest/stream?u=xiong071411&t=2a972a03d3351777934cfd972d89a0a5&s=351017228&v=1.16.1&c=LiMusic&id=ux3uDvQYeET0BMIsrLpBlG
2025-07-12 07:54:35.956  4099-4099  PlayerService           com.watch.limusic                    D  使用流媒体播放: 万疆 -> http://101.42.18.46:4533/rest/stream?u=xiong071411&t=63f181cb1abd37eb79ecff660269e69f&s=517076594&v=1.16.1&c=LiMusic&id=lVykk5x2IjdkkAz8NkbPFZ
2025-07-12 07:54:35.960  4099-4099  PlayerService           com.watch.limusic                    D  使用流媒体播放: 为梦想领航 -> http://101.42.18.46:4533/rest/stream?u=xiong071411&t=8ccc01a42a2c8af88f85e396274c10db&s=122505559&v=1.16.1&c=LiMusic&id=i2sfHH0wNX92MtVY5Eyumc
2025-07-12 07:54:35.963  4099-4099  PlayerService           com.watch.limusic                    D  使用流媒体播放: 外婆的澎湖湾 -> http://101.42.18.46:4533/rest/stream?u=xiong071411&t=eb873088ac7fd56c1865fa5383a2a54c&s=405282574&v=1.16.1&c=LiMusic&id=xBrpNuf4a130BrG8nFmpR8
2025-07-12 07:54:35.967  4099-4099  PlayerService           com.watch.limusic                    D  使用流媒体播放: 我的心是不夜城 -> http://101.42.18.46:4533/rest/stream?u=xiong071411&t=e18be5308babd74292799200fe07559c&s=450707940&v=1.16.1&c=LiMusic&id=56uVvittliUgwNm9yM3XYk
2025-07-12 07:54:35.970  4099-4099  PlayerService           com.watch.limusic                    D  使用流媒体播放: 我的故事未写完 -> http://101.42.18.46:4533/rest/stream?u=xiong071411&t=d9f2d3665536b6e4a963e5e29f40fb5a&s=713348562&v=1.16.1&c=LiMusic&id=uxXfXgGNP2O149W7lEXRF7
2025-07-12 07:54:35.973  4099-4099  PlayerService           com.watch.limusic                    D  使用流媒体播放: 下等马 【泠鸢翻唱】 -> http://101.42.18.46:4533/rest/stream?u=xiong071411&t=dc4d17b20c411fcaa87b2de4511521da&s=773597225&v=1.16.1&c=LiMusic&id=MhzfbbmpfWDPemqSPhRdHB
2025-07-12 07:54:35.977  4099-4099  PlayerService           com.watch.limusic                    D  使用流媒体播放: 乡情曲去呼吸 -> http://101.42.18.46:4533/rest/stream?u=xiong071411&t=07a43a27fe4e18a556da3d215964f777&s=168630217&v=1.16.1&c=LiMusic&id=81Vr4OLUNUkcBgd1WRuxbD
2025-07-12 07:54:35.980  4099-4099  PlayerService           com.watch.limusic                    D  使用流媒体播放: 寻人启事 (Live) -> http://101.42.18.46:4533/rest/stream?u=xiong071411&t=299787f3334d978529a7fc52fb7a5c31&s=584182700&v=1.16.1&c=LiMusic&id=uxJE0rGrOPJ52GlLkZxo6y
2025-07-12 07:54:35.983  4099-4099  PlayerService           com.watch.limusic                    D  使用流媒体播放: 小小 -> http://101.42.18.46:4533/rest/stream?u=xiong071411&t=fc31de00b203b08c0bb75734cce9d42b&s=873247871&v=1.16.1&c=LiMusic&id=Vmw7SAgd3Xrbdz2of4clOm
2025-07-12 07:54:35.987  4099-4099  PlayerService           com.watch.limusic                    D  使用流媒体播放: 小柳儿 -> http://101.42.18.46:4533/rest/stream?u=xiong071411&t=526bbfb0e10a52c3291d053cb776e8ec&s=460791882&v=1.16.1&c=LiMusic&id=D3kZtYFWuxhJxulUiatUiM
2025-07-12 07:54:35.991  4099-4099  PlayerService           com.watch.limusic                    D  使用流媒体播放: 萱草花终板精修 -> http://101.42.18.46:4533/rest/stream?u=xiong071411&t=eec3e9fdbe7767453e265c6339188edf&s=962854274&v=1.16.1&c=LiMusic&id=U0IXWaIo9NPgea05fUIkBX
2025-07-12 07:54:35.994  4099-4099  PlayerService           com.watch.limusic                    D  使用流媒体播放: 云烟成雨【泠鸢直播翻唱精修】 -> http://101.42.18.46:4533/rest/stream?u=xiong071411&t=9baee0cbb0b7a4c60b3551bfc753ce14&s=328092494&v=1.16.1&c=LiMusic&id=OEsMBqsM9qvTdmy0g48zJ8
2025-07-12 07:54:35.997  4099-4099  PlayerService           com.watch.limusic                    D  使用流媒体播放: 月球 (Live) -> http://101.42.18.46:4533/rest/stream?u=xiong071411&t=1beabbcca92912530ef4b6cbfb602615&s=729299071&v=1.16.1&c=LiMusic&id=LrG4bRAcgf0m4iQYaT3Yrr
2025-07-12 07:54:36.000  4099-4099  PlayerService           com.watch.limusic                    D  使用流媒体播放: 萤梦 -> http://101.42.18.46:4533/rest/stream?u=xiong071411&t=f25e5fd8d4ed2fbb16ad9037d8ac150e&s=461566506&v=1.16.1&c=LiMusic&id=IO08wXWHwHsKLbkxdX467N
2025-07-12 07:54:36.004  4099-4099  PlayerService           com.watch.limusic                    D  使用流媒体播放: 再见深海 (微亮的瞬间) -> http://101.42.18.46:4533/rest/stream?u=xiong071411&t=5aeab6e3783098e5b729d864ef1d00f4&s=901913603&v=1.16.1&c=LiMusic&id=rvFIUHM60GoKogdBf8BxGb
2025-07-12 07:54:36.006  4099-4099  PlayerService           com.watch.limusic                    D  使用流媒体播放: 昨日青空 -> http://101.42.18.46:4533/rest/stream?u=xiong071411&t=c3dc329bcc9a51beee7171a23f22cfac&s=114738871&v=1.16.1&c=LiMusic&id=fuDE6twlMJYTBnDrMC9B7a
2025-07-12 07:54:36.009  4099-4099  PlayerService           com.watch.limusic                    D  使用流媒体播放: 正片 带上她的眼睛 Tg -> http://101.42.18.46:4533/rest/stream?u=xiong071411&t=0cbb15e32fa983e24625f875ac496819&s=630795683&v=1.16.1&c=LiMusic&id=z6O6Kxv2TAa3kb9919HNbe
2025-07-12 07:54:36.076  4099-4099  PlayerService           com.watch.limusic                    D  切换到歌曲: 爱在西元前, 索引: 1
2025-07-12 07:54:36.077  4099-4099  PlayerService           com.watch.limusic                    D  原因: 播放列表改变
2025-07-12 07:54:36.083  4099-4099  MediaButtonReceiver     com.watch.limusic                    W  A unique media button receiver could not be found in the given context, so couldn't build a pending intent.
2025-07-12 07:54:36.104  4099-4099  PlayerService           com.watch.limusic                    D  正在缓冲
2025-07-12 07:54:36.607  4099-4099  Parcel                  com.watch.limusic                    E  Reading a NULL string not supported here.
2025-07-12 07:54:36.608  4099-4099  PlayerService           com.watch.limusic                    D  获得音频焦点
2025-07-12 07:54:36.618  4099-4099  MediaButtonReceiver     com.watch.limusic                    W  A unique media button receiver could not be found in the given context, so couldn't build a pending intent.
2025-07-12 07:54:36.625  4099-4099  PlayerService           com.watch.limusic                    D  设置播放列表: 41 首歌曲, 从索引 1 开始播放
2025-07-12 07:54:36.629  4099-4099  Choreographer           com.watch.limusic                    I  Skipped 48 frames!  The application may be doing too much work on its main thread.
2025-07-12 07:54:36.672  4099-4105  zygote                  com.watch.limusic                    I  Do full code cache collection, code=246KB, data=195KB
2025-07-12 07:54:36.675  4099-4105  zygote                  com.watch.limusic                    I  After code cache collection, code=231KB, data=149KB
2025-07-12 07:54:37.160  4099-4239  XingSeeker              com.watch.limusic                    W  XING data size mismatch: 1121096, 9505120
2025-07-12 07:54:37.220  4099-4136  VideoCapabilities       com.watch.limusic                    W  Unrecognized profile 2130706433 for video/avc
2025-07-12 07:54:37.221  4099-4136  VideoCapabilities       com.watch.limusic                    W  Unrecognized profile 2130706434 for video/avc
2025-07-12 07:54:37.231  4099-4136  VideoCapabilities       com.watch.limusic                    W  Unsupported mime video/divx
2025-07-12 07:54:37.236  4099-4136  VideoCapabilities       com.watch.limusic                    W  Unsupported mime video/divx4
2025-07-12 07:54:37.259  4099-4136  Utils                   com.watch.limusic                    W  could not parse long range '146-132'
2025-07-12 07:54:37.291  4099-4136  VideoCapabilities       com.watch.limusic                    W  Unrecognized profile 2130706433 for video/avc
2025-07-12 07:54:37.291  4099-4136  VideoCapabilities       com.watch.limusic                    W  Unrecognized profile 2130706434 for video/avc
2025-07-12 07:54:37.319  4099-4136  VideoCapabilities       com.watch.limusic                    I  Unsupported profile 4 for video/mp4v-es
2025-07-12 07:54:37.497  4099-4241  OMXClient               com.watch.limusic                    I  Treble IOmx obtained
2025-07-12 07:54:37.507  4099-4241  ACodec                  com.watch.limusic                    I  codec does not support config priority (err -2147483648)
2025-07-12 07:54:37.508  4099-4241  ACodec                  com.watch.limusic                    I  codec does not support config priority (err -2147483648)
2025-07-12 07:54:37.509  4099-4241  ACodec                  com.watch.limusic                    I  codec does not support config operating rate (err -2147483648)
2025-07-12 07:54:37.511  4099-4241  ExtendedACodec          com.watch.limusic                    W  Failed to get extension for extradata parameter
2025-07-12 07:54:37.568  4099-4136  AudioTrack              com.watch.limusic                    D  Client defaulted notificationFrames to 7688 for frameCount 15376
2025-07-12 07:54:37.613  4099-4099  PlayerService           com.watch.limusic                    D  播放器就绪
2025-07-12 07:54:37.624  4099-4099  MediaButtonReceiver     com.watch.limusic                    W  A unique media button receiver could not be found in the given context, so couldn't build a pending intent.
2025-07-12 07:54:37.654  4099-4099  MediaButtonReceiver     com.watch.limusic                    W  A unique media button receiver could not be found in the given context, so couldn't build a pending intent.
2025-07-12 07:54:38.084  4099-4111  zygote                  com.watch.limusic                    I  Background concurrent copying GC freed 185888(5MB) AllocSpace objects, 8(516KB) LOS objects, 30% free, 13MB/19MB, paused 124us total 139.659ms
2025-07-12 07:54:40.995  4099-4105  zygote                  com.watch.limusic                    I  Do partial code cache collection, code=252KB, data=175KB
2025-07-12 07:54:41.000  4099-4105  zygote                  com.watch.limusic                    I  After code cache collection, code=252KB, data=175KB
2025-07-12 07:54:41.000  4099-4105  zygote                  com.watch.limusic                    I  Increasing code cache capacity to 1024KB
2025-07-12 07:54:43.190  4099-4099  PlayerService           com.watch.limusic                    D  正在缓冲
2025-07-12 07:54:43.196  4099-4099  MediaButtonReceiver     com.watch.limusic                    W  A unique media button receiver could not be found in the given context, so couldn't build a pending intent.
2025-07-12 07:54:43.201  4099-4107  zygote                  com.watch.limusic                    I  Debugger is no longer active
2025-07-12 07:54:43.202  4099-4099  PlayerService           com.watch.limusic                    D  释放音频焦点
2025-07-12 07:54:43.214  4099-4099  MediaButtonReceiver     com.watch.limusic                    W  A unique media button receiver could not be found in the given context, so couldn't build a pending intent.
2025-07-12 07:54:43.241  4099-4136  ExoPlayerImplInternal   com.watch.limusic                    E  Playback error (Ask Gemini)
                                                                                                      com.google.android.exoplayer2.ExoPlaybackException: Source error
                                                                                                          at com.google.android.exoplayer2.ExoPlayerImplInternal.handleIoException(ExoPlayerImplInternal.java:644)
                                                                                                          at com.google.android.exoplayer2.ExoPlayerImplInternal.handleMessage(ExoPlayerImplInternal.java:616)
                                                                                                          at android.os.Handler.dispatchMessage(Handler.java:102)
                                                                                                          at android.os.Looper.loop(Looper.java:195)
                                                                                                          at android.os.HandlerThread.run(HandlerThread.java:65)
                                                                                                      Caused by: com.google.android.exoplayer2.upstream.DataSourceException
                                                                                                          at com.google.android.exoplayer2.upstream.cache.CacheDataSource.open(CacheDataSource.java:597)
                                                                                                          at com.google.android.exoplayer2.upstream.StatsDataSource.open(StatsDataSource.java:84)
                                                                                                          at com.google.android.exoplayer2.source.ProgressiveMediaPeriod$ExtractingLoadable.load(ProgressiveMediaPeriod.java:1005)
                                                                                                          at com.google.android.exoplayer2.upstream.Loader$LoadTask.run(Loader.java:412)
                                                                                                          at java.util.concurrent.ThreadPoolExecutor.runWorker(ThreadPoolExecutor.java:1162)
                                                                                                          at java.util.concurrent.ThreadPoolExecutor$Worker.run(ThreadPoolExecutor.java:636)
                                                                                                          at java.lang.Thread.run(Thread.java:764)
2025-07-12 07:54:43.276  4099-4099  PlayerService           com.watch.limusic                    E  播放错误: Source error
2025-07-12 07:54:43.276  4099-4099  System.err              com.watch.limusic                    W  com.google.android.exoplayer2.ExoPlaybackException: Source error
2025-07-12 07:54:43.276  4099-4099  System.err              com.watch.limusic                    W  	at com.google.android.exoplayer2.ExoPlayerImplInternal.handleIoException(ExoPlayerImplInternal.java:644)
2025-07-12 07:54:43.276  4099-4099  System.err              com.watch.limusic                    W  	at com.google.android.exoplayer2.ExoPlayerImplInternal.handleMessage(ExoPlayerImplInternal.java:616)
2025-07-12 07:54:43.277  4099-4099  System.err              com.watch.limusic                    W  	at android.os.Handler.dispatchMessage(Handler.java:102)
2025-07-12 07:54:43.277  4099-4099  System.err              com.watch.limusic                    W  	at android.os.Looper.loop(Looper.java:195)
2025-07-12 07:54:43.277  4099-4099  System.err              com.watch.limusic                    W  	at android.os.HandlerThread.run(HandlerThread.java:65)
2025-07-12 07:54:43.277  4099-4099  System.err              com.watch.limusic                    W  Caused by: com.google.android.exoplayer2.upstream.DataSourceException
2025-07-12 07:54:43.277  4099-4099  System.err              com.watch.limusic                    W  	at com.google.android.exoplayer2.upstream.cache.CacheDataSource.open(CacheDataSource.java:597)
2025-07-12 07:54:43.277  4099-4099  System.err              com.watch.limusic                    W  	at com.google.android.exoplayer2.upstream.StatsDataSource.open(StatsDataSource.java:84)
2025-07-12 07:54:43.277  4099-4099  System.err              com.watch.limusic                    W  	at com.google.android.exoplayer2.source.ProgressiveMediaPeriod$ExtractingLoadable.load(ProgressiveMediaPeriod.java:1005)
2025-07-12 07:54:43.277  4099-4099  System.err              com.watch.limusic                    W  	at com.google.android.exoplayer2.upstream.Loader$LoadTask.run(Loader.java:412)
2025-07-12 07:54:43.277  4099-4099  System.err              com.watch.limusic                    W  	at java.util.concurrent.ThreadPoolExecutor.runWorker(ThreadPoolExecutor.java:1162)
2025-07-12 07:54:43.278  4099-4099  System.err              com.watch.limusic                    W  	at java.util.concurrent.ThreadPoolExecutor$Worker.run(ThreadPoolExecutor.java:636)
2025-07-12 07:54:43.278  4099-4099  System.err              com.watch.limusic                    W  	at java.lang.Thread.run(Thread.java:764)
2025-07-12 07:54:43.280  4099-4099  PlayerService           com.watch.limusic                    D  播放器空闲
！！！！！！！！此处为播放器空闲，在这里我在联网情况下播放了已缓存的，但是一拖动进度条就会导致播放器空闲
2025-07-12 07:56:21.388  4099-4436  MainActivity            com.watch.limusic                    D  数据库中的歌曲数量: 41
2025-07-12 07:56:24.289  4099-4099  Parcel                  com.watch.limusic                    E  Reading a NULL string not supported here.
2025-07-12 07:56:28.437  4099-4099  MusicRepository         com.watch.limusic                    D  网络状态更改: 不可用
2025-07-12 07:56:30.172  4099-4503  MusicRepository         com.watch.limusic                    D  从数据库获取所有歌曲: 41 首
2025-07-12 07:56:30.173  4099-4503  MainActivity            com.watch.limusic                    D  从数据库加载歌曲: 41 首
2025-07-12 07:56:30.319  4099-4099  MainActivity            com.watch.limusic                    D  显示所有歌曲: 41 首
2025-07-12 07:56:30.402  4099-4099  StaticLayout            com.watch.limusic                    W  maxLineHeight should not be -1.  maxLines:1 lineCount:1
2025-07-12 07:56:30.438  4099-4099  LocalFileDetector       com.watch.limusic                    D  歌曲已下载: cLSTnHDN8aYAmUpjpwJSSA (文件大小: 9505248 bytes)
2025-07-12 07:56:30.439  4099-4099  LocalFileDetector       com.watch.limusic                    D  歌曲已下载: cLSTnHDN8aYAmUpjpwJSSA (文件大小: 9505248 bytes)
2025-07-12 07:56:30.941  4099-4099  StaticLayout            com.watch.limusic                    W  maxLineHeight should not be -1.  maxLines:1 lineCount:1
2025-07-12 07:56:30.968  4099-4099  LocalFileDetector       com.watch.limusic                    D  歌曲已下载: cLSTnHDN8aYAmUpjpwJSSA (文件大小: 9505248 bytes)
2025-07-12 07:56:30.970  4099-4099  LocalFileDetector       com.watch.limusic                    D  歌曲已下载: cLSTnHDN8aYAmUpjpwJSSA (文件大小: 9505248 bytes)
2025-07-12 07:56:33.871  4099-4099  MainActivity            com.watch.limusic                    D  离线模式下尝试播放未缓存的歌曲: 爱在西元前
2025-07-12 07:56:37.403  4099-4099  MainActivity            com.watch.limusic                    D  离线模式下尝试播放未缓存的歌曲: 爱在西元前
2025-07-12 07:56:37.949  4099-4099  MainActivity            com.watch.limusic                    D  离线模式下尝试播放未缓存的歌曲: 爱在西元前
（断网情况下无法播放已缓存的歌曲，尽管其已经正常被识别）